Archive member included to satisfy reference by file (symbol)

c:/st/stm32cubeide_1.12.1/stm32cubeide/plugins/com.st.stm32cube.ide.mcu.externaltools.gnu-tools-for-stm32.10.3-2021.10.win32_1.0.200.202301161003/tools/bin/../lib/gcc/arm-none-eabi/10.3.1/../../../../arm-none-eabi/lib/thumb/v7-m/nofp\libc_nano.a(lib_a-errno.o)
                              ./Core/Src/syscalls.o (__errno)
c:/st/stm32cubeide_1.12.1/stm32cubeide/plugins/com.st.stm32cube.ide.mcu.externaltools.gnu-tools-for-stm32.10.3-2021.10.win32_1.0.200.202301161003/tools/bin/../lib/gcc/arm-none-eabi/10.3.1/../../../../arm-none-eabi/lib/thumb/v7-m/nofp\libc_nano.a(lib_a-exit.o)
                              c:/st/stm32cubeide_1.12.1/stm32cubeide/plugins/com.st.stm32cube.ide.mcu.externaltools.gnu-tools-for-stm32.10.3-2021.10.win32_1.0.200.202301161003/tools/bin/../lib/gcc/arm-none-eabi/10.3.1/../../../../arm-none-eabi/lib/thumb/v7-m/nofp/crt0.o (exit)
c:/st/stm32cubeide_1.12.1/stm32cubeide/plugins/com.st.stm32cube.ide.mcu.externaltools.gnu-tools-for-stm32.10.3-2021.10.win32_1.0.200.202301161003/tools/bin/../lib/gcc/arm-none-eabi/10.3.1/../../../../arm-none-eabi/lib/thumb/v7-m/nofp\libc_nano.a(lib_a-impure.o)
                              c:/st/stm32cubeide_1.12.1/stm32cubeide/plugins/com.st.stm32cube.ide.mcu.externaltools.gnu-tools-for-stm32.10.3-2021.10.win32_1.0.200.202301161003/tools/bin/../lib/gcc/arm-none-eabi/10.3.1/../../../../arm-none-eabi/lib/thumb/v7-m/nofp\libc_nano.a(lib_a-exit.o) (_global_impure_ptr)
c:/st/stm32cubeide_1.12.1/stm32cubeide/plugins/com.st.stm32cube.ide.mcu.externaltools.gnu-tools-for-stm32.10.3-2021.10.win32_1.0.200.202301161003/tools/bin/../lib/gcc/arm-none-eabi/10.3.1/../../../../arm-none-eabi/lib/thumb/v7-m/nofp\libc_nano.a(lib_a-init.o)
                              c:/st/stm32cubeide_1.12.1/stm32cubeide/plugins/com.st.stm32cube.ide.mcu.externaltools.gnu-tools-for-stm32.10.3-2021.10.win32_1.0.200.202301161003/tools/bin/../lib/gcc/arm-none-eabi/10.3.1/../../../../arm-none-eabi/lib/thumb/v7-m/nofp/crt0.o (__libc_init_array)
c:/st/stm32cubeide_1.12.1/stm32cubeide/plugins/com.st.stm32cube.ide.mcu.externaltools.gnu-tools-for-stm32.10.3-2021.10.win32_1.0.200.202301161003/tools/bin/../lib/gcc/arm-none-eabi/10.3.1/../../../../arm-none-eabi/lib/thumb/v7-m/nofp\libc_nano.a(lib_a-memcpy-stub.o)
                              ./Core/Src/main.o (memcpy)
c:/st/stm32cubeide_1.12.1/stm32cubeide/plugins/com.st.stm32cube.ide.mcu.externaltools.gnu-tools-for-stm32.10.3-2021.10.win32_1.0.200.202301161003/tools/bin/../lib/gcc/arm-none-eabi/10.3.1/../../../../arm-none-eabi/lib/thumb/v7-m/nofp\libc_nano.a(lib_a-memset.o)
                              c:/st/stm32cubeide_1.12.1/stm32cubeide/plugins/com.st.stm32cube.ide.mcu.externaltools.gnu-tools-for-stm32.10.3-2021.10.win32_1.0.200.202301161003/tools/bin/../lib/gcc/arm-none-eabi/10.3.1/../../../../arm-none-eabi/lib/thumb/v7-m/nofp/crt0.o (memset)

Discarded input sections

 .text          0x0000000000000000        0x0 c:/st/stm32cubeide_1.12.1/stm32cubeide/plugins/com.st.stm32cube.ide.mcu.externaltools.gnu-tools-for-stm32.10.3-2021.10.win32_1.0.200.202301161003/tools/bin/../lib/gcc/arm-none-eabi/10.3.1/thumb/v7-m/nofp/crti.o
 .data          0x0000000000000000        0x0 c:/st/stm32cubeide_1.12.1/stm32cubeide/plugins/com.st.stm32cube.ide.mcu.externaltools.gnu-tools-for-stm32.10.3-2021.10.win32_1.0.200.202301161003/tools/bin/../lib/gcc/arm-none-eabi/10.3.1/thumb/v7-m/nofp/crti.o
 .bss           0x0000000000000000        0x0 c:/st/stm32cubeide_1.12.1/stm32cubeide/plugins/com.st.stm32cube.ide.mcu.externaltools.gnu-tools-for-stm32.10.3-2021.10.win32_1.0.200.202301161003/tools/bin/../lib/gcc/arm-none-eabi/10.3.1/thumb/v7-m/nofp/crti.o
 .data          0x0000000000000000        0x4 c:/st/stm32cubeide_1.12.1/stm32cubeide/plugins/com.st.stm32cube.ide.mcu.externaltools.gnu-tools-for-stm32.10.3-2021.10.win32_1.0.200.202301161003/tools/bin/../lib/gcc/arm-none-eabi/10.3.1/thumb/v7-m/nofp/crtbegin.o
 .rodata        0x0000000000000000       0x24 c:/st/stm32cubeide_1.12.1/stm32cubeide/plugins/com.st.stm32cube.ide.mcu.externaltools.gnu-tools-for-stm32.10.3-2021.10.win32_1.0.200.202301161003/tools/bin/../lib/gcc/arm-none-eabi/10.3.1/thumb/v7-m/nofp/crtbegin.o
 .text          0x0000000000000000       0x7c c:/st/stm32cubeide_1.12.1/stm32cubeide/plugins/com.st.stm32cube.ide.mcu.externaltools.gnu-tools-for-stm32.10.3-2021.10.win32_1.0.200.202301161003/tools/bin/../lib/gcc/arm-none-eabi/10.3.1/../../../../arm-none-eabi/lib/thumb/v7-m/nofp/crt0.o
 .data          0x0000000000000000        0x0 c:/st/stm32cubeide_1.12.1/stm32cubeide/plugins/com.st.stm32cube.ide.mcu.externaltools.gnu-tools-for-stm32.10.3-2021.10.win32_1.0.200.202301161003/tools/bin/../lib/gcc/arm-none-eabi/10.3.1/../../../../arm-none-eabi/lib/thumb/v7-m/nofp/crt0.o
[...]
Memory Configuration

Name             Origin             Length             Attributes
RAM              0x0000000020000000 0x0000000000010000 xrw
FLASH            0x0000000008000000 0x0000000000080000 xr
*default*        0x0000000000000000 0xffffffffffffffff

Linker script and memory map

LOAD c:/st/stm32cubeide_1.12.1/stm32cubeide/plugins/com.st.stm32cube.ide.mcu.externaltools.gnu-tools-for-stm32.10.3-2021.10.win32_1.0.200.202301161003/tools/bin/../lib/gcc/arm-none-eabi/10.3.1/thumb/v7-m/nofp/crti.o
LOAD c:/st/stm32cubeide_1.12.1/stm32cubeide/plugins/com.st.stm32cube.ide.mcu.externaltools.gnu-tools-for-stm32.10.3-2021.10.win32_1.0.200.202301161003/tools/bin/../lib/gcc/arm-none-eabi/10.3.1/thumb/v7-m/nofp/crtbegin.o
LOAD c:/st/stm32cubeide_1.12.1/stm32cubeide/plugins/com.st.stm32cube.ide.mcu.externaltools.gnu-tools-for-stm32.10.3-2021.10.win32_1.0.200.202301161003/tools/bin/../lib/gcc/arm-none-eabi/10.3.1/../../../../arm-none-eabi/lib/thumb/v7-m/nofp/crt0.o
LOAD ./Core/Src/main.o
LOAD ./Core/Src/oled.o
LOAD ./Core/Src/stm32f1xx_hal_msp.o
LOAD ./Core/Src/stm32f1xx_it.o
LOAD ./Core/Src/syscalls.o
LOAD ./Core/Src/sysmem.o
LOAD ./Core/Src/system_stm32f1xx.o
LOAD ./Core/Startup/startup_stm32f103zetx.o
LOAD ./Drivers/STM32F1xx_HAL_Driver/Src/stm32f1xx_hal.o
LOAD ./Drivers/STM32F1xx_HAL_Driver/Src/stm32f1xx_hal_cortex.o
LOAD ./Drivers/STM32F1xx_HAL_Driver/Src/stm32f1xx_hal_dma.o
LOAD ./Drivers/STM32F1xx_HAL_Driver/Src/stm32f1xx_hal_exti.o
LOAD ./Drivers/STM32F1xx_HAL_Driver/Src/stm32f1xx_hal_flash.o
LOAD ./Drivers/STM32F1xx_HAL_Driver/Src/stm32f1xx_hal_flash_ex.o
LOAD ./Drivers/STM32F1xx_HAL_Driver/Src/stm32f1xx_hal_gpio.o
LOAD ./Drivers/STM32F1xx_HAL_Driver/Src/stm32f1xx_hal_gpio_ex.o
LOAD ./Drivers/STM32F1xx_HAL_Driver/Src/stm32f1xx_hal_pwr.o
LOAD ./Drivers/STM32F1xx_HAL_Driver/Src/stm32f1xx_hal_rcc.o
LOAD ./Drivers/STM32F1xx_HAL_Driver/Src/stm32f1xx_hal_rcc_ex.o
LOAD ./Drivers/STM32F1xx_HAL_Driver/Src/stm32f1xx_hal_uart.o
START GROUP
LOAD c:/st/stm32cubeide_1.12.1/stm32cubeide/plugins/com.st.stm32cube.ide.mcu.externaltools.gnu-tools-for-stm32.10.3-2021.10.win32_1.0.200.202301161003/tools/bin/../lib/gcc/arm-none-eabi/10.3.1/../../../../arm-none-eabi/lib/thumb/v7-m/nofp\libc_nano.a
LOAD c:/st/stm32cubeide_1.12.1/stm32cubeide/plugins/com.st.stm32cube.ide.mcu.externaltools.gnu-tools-for-stm32.10.3-2021.10.win32_1.0.200.202301161003/tools/bin/../lib/gcc/arm-none-eabi/10.3.1/../../../../arm-none-eabi/lib/thumb/v7-m/nofp\libm.a
END GROUP
START GROUP
LOAD c:/st/stm32cubeide_1.12.1/stm32cubeide/plugins/com.st.stm32cube.ide.mcu.externaltools.gnu-tools-for-stm32.10.3-2021.10.win32_1.0.200.202301161003/tools/bin/../lib/gcc/arm-none-eabi/10.3.1/thumb/v7-m/nofp\libgcc.a
LOAD c:/st/stm32cubeide_1.12.1/stm32cubeide/plugins/com.st.stm32cube.ide.mcu.externaltools.gnu-tools-for-stm32.10.3-2021.10.win32_1.0.200.202301161003/tools/bin/../lib/gcc/arm-none-eabi/10.3.1/../../../../arm-none-eabi/lib/thumb/v7-m/nofp\libc_nano.a
END GROUP
START GROUP
LOAD c:/st/stm32cubeide_1.12.1/stm32cubeide/plugins/com.st.stm32cube.ide.mcu.externaltools.gnu-tools-for-stm32.10.3-2021.10.win32_1.0.200.202301161003/tools/bin/../lib/gcc/arm-none-eabi/10.3.1/thumb/v7-m/nofp\libgcc.a
LOAD c:/st/stm32cubeide_1.12.1/stm32cubeide/plugins/com.st.stm32cube.ide.mcu.externaltools.gnu-tools-for-stm32.10.3-2021.10.win32_1.0.200.202301161003/tools/bin/../lib/gcc/arm-none-eabi/10.3.1/../../../../arm-none-eabi/lib/thumb/v7-m/nofp\libc_nano.a
LOAD c:/st/stm32cubeide_1.12.1/stm32cubeide/plugins/com.st.stm32cube.ide.mcu.externaltools.gnu-tools-for-stm32.10.3-2021.10.win32_1.0.200.202301161003/tools/bin/../lib/gcc/arm-none-eabi/10.3.1/../../../../arm-none-eabi/lib/thumb/v7-m/nofp\libnosys.a
END GROUP
START GROUP
LOAD c:/st/stm32cubeide_1.12.1/stm32cubeide/plugins/com.st.stm32cube.ide.mcu.externaltools.gnu-tools-for-stm32.10.3-2021.10.win32_1.0.200.202301161003/tools/bin/../lib/gcc/arm-none-eabi/10.3.1/thumb/v7-m/nofp\libgcc.a
LOAD c:/st/stm32cubeide_1.12.1/stm32cubeide/plugins/com.st.stm32cube.ide.mcu.externaltools.gnu-tools-for-stm32.10.3-2021.10.win32_1.0.200.202301161003/tools/bin/../lib/gcc/arm-none-eabi/10.3.1/../../../../arm-none-eabi/lib/thumb/v7-m/nofp\libc_nano.a
LOAD c:/st/stm32cubeide_1.12.1/stm32cubeide/plugins/com.st.stm32cube.ide.mcu.externaltools.gnu-tools-for-stm32.10.3-2021.10.win32_1.0.200.202301161003/tools/bin/../lib/gcc/arm-none-eabi/10.3.1/../../../../arm-none-eabi/lib/thumb/v7-m/nofp\libnosys.a
END GROUP
LOAD c:/st/stm32cubeide_1.12.1/stm32cubeide/plugins/com.st.stm32cube.ide.mcu.externaltools.gnu-tools-for-stm32.10.3-2021.10.win32_1.0.200.202301161003/tools/bin/../lib/gcc/arm-none-eabi/10.3.1/thumb/v7-m/nofp/crtend.o
LOAD c:/st/stm32cubeide_1.12.1/stm32cubeide/plugins/com.st.stm32cube.ide.mcu.externaltools.gnu-tools-for-stm32.10.3-2021.10.win32_1.0.200.202301161003/tools/bin/../lib/gcc/arm-none-eabi/10.3.1/thumb/v7-m/nofp/crtn.o
                0x0000000020010000                _estack = (ORIGIN (RAM) + LENGTH (RAM))
                0x0000000000000200                _Min_Heap_Size = 0x200
                0x0000000000000400                _Min_Stack_Size = 0x400

.isr_vector     0x0000000008000000      0x1e4
                0x0000000008000000                . = ALIGN (0x4)
 *(.isr_vector)
 .isr_vector    0x0000000008000000      0x1e4 ./Core/Startup/startup_stm32f103zetx.o
                0x0000000008000000                g_pfnVectors
                0x00000000080001e4                . = ALIGN (0x4)

.text           0x00000000080001e4     0x1734
                0x00000000080001e4                . = ALIGN (0x4)
 *(.text)
 .text          0x00000000080001e4       0x40 c:/st/stm32cubeide_1.12.1/stm32cubeide/plugins/com.st.stm32cube.ide.mcu.externaltools.gnu-tools-for-stm32.10.3-2021.10.win32_1.0.200.202301161003/tools/bin/../lib/gcc/arm-none-eabi/10.3.1/thumb/v7-m/nofp/crtbegin.o
 *(.text*)
 .text.main     0x0000000008000224       0xfc ./Core/Src/main.o
                0x0000000008000224                main
 .text.SystemClock_Config
                0x0000000008000320       0x76 ./Core/Src/main.o
                0x0000000008000320                SystemClock_Config
 *fill*         0x0000000008000396        0x2 
 .text.MX_USART1_UART_Init
                0x0000000008000398       0x54 ./Core/Src/main.o
 .text.MX_GPIO_Init
                0x00000000080003ec       0x80 ./Core/Src/main.o
 .text.Error_Handler
                0x000000000800046c        0xa ./Core/Src/main.o
                0x000000000800046c                Error_Handler
 *fill*         0x0000000008000476        0x2 
 .text.OLED_WriteCmd
                0x0000000008000478       0x80 ./Core/Src/oled.o
                0x0000000008000478                OLED_WriteCmd
 .text.OLED_WriteData
                0x00000000080004f8       0x80 ./Core/Src/oled.o
                0x00000000080004f8                OLED_WriteData
 .text.OLED_Clear
                0x0000000008000578       0x54 ./Core/Src/oled.o
                0x0000000008000578                OLED_Clear
 .text.OLED_SetCursor
                0x00000000080005cc       0x52 ./Core/Src/oled.o
                0x00000000080005cc                OLED_SetCursor
 *fill*         0x000000000800061e        0x2 
 .text.OLED_Init
                0x0000000008000620       0xe0 ./Core/Src/oled.o
                0x0000000008000620                OLED_Init
 .text.HAL_MspInit
                0x0000000008000700       0x44 ./Core/Src/stm32f1xx_hal_msp.o
                0x0000000008000700                HAL_MspInit
 .text.HAL_UART_MspInit
                0x0000000008000744       0x98 ./Core/Src/stm32f1xx_hal_msp.o
                0x0000000008000744                HAL_UART_MspInit
 .text.NMI_Handler
                0x00000000080007dc        0x6 ./Core/Src/stm32f1xx_it.o
                0x00000000080007dc                NMI_Handler
 .text.HardFault_Handler
                0x00000000080007e2        0x6 ./Core/Src/stm32f1xx_it.o
                0x00000000080007e2                HardFault_Handler
 .text.MemManage_Handler
                0x00000000080007e8        0x6 ./Core/Src/stm32f1xx_it.o
                0x00000000080007e8                MemManage_Handler
 .text.BusFault_Handler
                0x00000000080007ee        0x6 ./Core/Src/stm32f1xx_it.o
                0x00000000080007ee                BusFault_Handler
 .text.UsageFault_Handler
                0x00000000080007f4        0x6 ./Core/Src/stm32f1xx_it.o
                0x00000000080007f4                UsageFault_Handler
 .text.SVC_Handler
                0x00000000080007fa        0xc ./Core/Src/stm32f1xx_it.o
                0x00000000080007fa                SVC_Handler
 .text.DebugMon_Handler
                0x0000000008000806        0xc ./Core/Src/stm32f1xx_it.o
                0x0000000008000806                DebugMon_Handler
 .text.PendSV_Handler
                0x0000000008000812        0xc ./Core/Src/stm32f1xx_it.o
                0x0000000008000812                PendSV_Handler
 .text.SysTick_Handler
                0x000000000800081e        0xc ./Core/Src/stm32f1xx_it.o
                0x000000000800081e                SysTick_Handler
 .text.SystemInit
                0x000000000800082a        0xc ./Core/Src/system_stm32f1xx.o
                0x000000000800082a                SystemInit
 *fill*         0x0000000008000836        0x2 
 .text.Reset_Handler
                0x0000000008000838       0x48 ./Core/Startup/startup_stm32f103zetx.o
                0x0000000008000838                Reset_Handler
 .text.Default_Handler
                0x0000000008000880        0x2 ./Core/Startup/startup_stm32f103zetx.o
                0x0000000008000880                RTC_Alarm_IRQHandler
                0x0000000008000880                EXTI2_IRQHandler
                0x0000000008000880                TIM8_TRG_COM_IRQHandler
                0x0000000008000880                TIM8_CC_IRQHandler
                0x0000000008000880                TIM1_CC_IRQHandler
                0x0000000008000880                TIM6_IRQHandler
                0x0000000008000880                PVD_IRQHandler
                0x0000000008000880                SDIO_IRQHandler
                0x0000000008000880                EXTI3_IRQHandler
                0x0000000008000880                EXTI0_IRQHandler
                0x0000000008000880                I2C2_EV_IRQHandler
                0x0000000008000880                ADC1_2_IRQHandler
                0x0000000008000880                SPI1_IRQHandler
                0x0000000008000880                TAMPER_IRQHandler
                0x0000000008000880                TIM8_UP_IRQHandler
                0x0000000008000880                DMA2_Channel2_IRQHandler
                0x0000000008000880                DMA1_Channel4_IRQHandler
                0x0000000008000880                USART3_IRQHandler
                0x0000000008000880                RTC_IRQHandler
                0x0000000008000880                DMA1_Channel7_IRQHandler
                0x0000000008000880                CAN1_RX1_IRQHandler
                0x0000000008000880                UART5_IRQHandler
                0x0000000008000880                ADC3_IRQHandler
                0x0000000008000880                TIM4_IRQHandler
                0x0000000008000880                DMA2_Channel1_IRQHandler
                0x0000000008000880                I2C1_EV_IRQHandler
                0x0000000008000880                DMA1_Channel6_IRQHandler
                0x0000000008000880                UART4_IRQHandler
                0x0000000008000880                TIM3_IRQHandler
                0x0000000008000880                RCC_IRQHandler
                0x0000000008000880                TIM1_TRG_COM_IRQHandler
                0x0000000008000880                DMA1_Channel1_IRQHandler
                0x0000000008000880                Default_Handler
                0x0000000008000880                EXTI15_10_IRQHandler
                0x0000000008000880                TIM7_IRQHandler
                0x0000000008000880                TIM5_IRQHandler
                0x0000000008000880                EXTI9_5_IRQHandler
                0x0000000008000880                SPI2_IRQHandler
                0x0000000008000880                DMA1_Channel5_IRQHandler
                0x0000000008000880                EXTI4_IRQHandler
                0x0000000008000880                USB_LP_CAN1_RX0_IRQHandler
                0x0000000008000880                USB_HP_CAN1_TX_IRQHandler
                0x0000000008000880                DMA1_Channel3_IRQHandler
                0x0000000008000880                FSMC_IRQHandler
                0x0000000008000880                TIM1_UP_IRQHandler
                0x0000000008000880                WWDG_IRQHandler
                0x0000000008000880                TIM2_IRQHandler
                0x0000000008000880                TIM1_BRK_IRQHandler
                0x0000000008000880                EXTI1_IRQHandler
                0x0000000008000880                DMA2_Channel4_5_IRQHandler
                0x0000000008000880                USART2_IRQHandler
                0x0000000008000880                I2C2_ER_IRQHandler
                0x0000000008000880                DMA1_Channel2_IRQHandler
                0x0000000008000880                TIM8_BRK_IRQHandler
                0x0000000008000880                CAN1_SCE_IRQHandler
                0x0000000008000880                FLASH_IRQHandler
                0x0000000008000880                USART1_IRQHandler
                0x0000000008000880                SPI3_IRQHandler
                0x0000000008000880                I2C1_ER_IRQHandler
                0x0000000008000880                USBWakeUp_IRQHandler
                0x0000000008000880                DMA2_Channel3_IRQHandler
 *fill*         0x0000000008000882        0x2 
 .text.HAL_Init
                0x0000000008000884       0x2c ./Drivers/STM32F1xx_HAL_Driver/Src/stm32f1xx_hal.o
                0x0000000008000884                HAL_Init
 .text.HAL_InitTick
                0x00000000080008b0       0x60 ./Drivers/STM32F1xx_HAL_Driver/Src/stm32f1xx_hal.o
                0x00000000080008b0                HAL_InitTick
 .text.HAL_IncTick
                0x0000000008000910       0x24 ./Drivers/STM32F1xx_HAL_Driver/Src/stm32f1xx_hal.o
                0x0000000008000910                HAL_IncTick
 .text.HAL_GetTick
                0x0000000008000934       0x14 ./Drivers/STM32F1xx_HAL_Driver/Src/stm32f1xx_hal.o
                0x0000000008000934                HAL_GetTick
 .text.HAL_Delay
                0x0000000008000948       0x48 ./Drivers/STM32F1xx_HAL_Driver/Src/stm32f1xx_hal.o
                0x0000000008000948                HAL_Delay
 .text.__NVIC_SetPriorityGrouping
                0x0000000008000990       0x48 ./Drivers/STM32F1xx_HAL_Driver/Src/stm32f1xx_hal_cortex.o
 .text.__NVIC_GetPriorityGrouping
                0x00000000080009d8       0x1c ./Drivers/STM32F1xx_HAL_Driver/Src/stm32f1xx_hal_cortex.o
 .text.__NVIC_SetPriority
                0x00000000080009f4       0x54 ./Drivers/STM32F1xx_HAL_Driver/Src/stm32f1xx_hal_cortex.o
 .text.NVIC_EncodePriority
                0x0000000008000a48       0x64 ./Drivers/STM32F1xx_HAL_Driver/Src/stm32f1xx_hal_cortex.o
 .text.SysTick_Config
                0x0000000008000aac       0x44 ./Drivers/STM32F1xx_HAL_Driver/Src/stm32f1xx_hal_cortex.o
 .text.HAL_NVIC_SetPriorityGrouping
                0x0000000008000af0       0x16 ./Drivers/STM32F1xx_HAL_Driver/Src/stm32f1xx_hal_cortex.o
                0x0000000008000af0                HAL_NVIC_SetPriorityGrouping
 .text.HAL_NVIC_SetPriority
                0x0000000008000b06       0x38 ./Drivers/STM32F1xx_HAL_Driver/Src/stm32f1xx_hal_cortex.o
                0x0000000008000b06                HAL_NVIC_SetPriority
 .text.HAL_SYSTICK_Config
                0x0000000008000b3e       0x18 ./Drivers/STM32F1xx_HAL_Driver/Src/stm32f1xx_hal_cortex.o
                0x0000000008000b3e                HAL_SYSTICK_Config
 *fill*         0x0000000008000b56        0x2 
 .text.HAL_GPIO_Init
                0x0000000008000b58      0x328 ./Drivers/STM32F1xx_HAL_Driver/Src/stm32f1xx_hal_gpio.o
                0x0000000008000b58                HAL_GPIO_Init
 .text.HAL_GPIO_WritePin
                0x0000000008000e80       0x30 ./Drivers/STM32F1xx_HAL_Driver/Src/stm32f1xx_hal_gpio.o
                0x0000000008000e80                HAL_GPIO_WritePin
 .text.HAL_RCC_OscConfig
                0x0000000008000eb0      0x504 ./Drivers/STM32F1xx_HAL_Driver/Src/stm32f1xx_hal_rcc.o
                0x0000000008000eb0                HAL_RCC_OscConfig
 .text.HAL_RCC_ClockConfig
                0x00000000080013b4      0x1d4 ./Drivers/STM32F1xx_HAL_Driver/Src/stm32f1xx_hal_rcc.o
                0x00000000080013b4                HAL_RCC_ClockConfig
 .text.HAL_RCC_GetSysClockFreq
                0x0000000008001588       0xa8 ./Drivers/STM32F1xx_HAL_Driver/Src/stm32f1xx_hal_rcc.o
                0x0000000008001588                HAL_RCC_GetSysClockFreq
 .text.HAL_RCC_GetHCLKFreq
                0x0000000008001630       0x14 ./Drivers/STM32F1xx_HAL_Driver/Src/stm32f1xx_hal_rcc.o
                0x0000000008001630                HAL_RCC_GetHCLKFreq
 .text.HAL_RCC_GetPCLK1Freq
                0x0000000008001644       0x28 ./Drivers/STM32F1xx_HAL_Driver/Src/stm32f1xx_hal_rcc.o
                0x0000000008001644                HAL_RCC_GetPCLK1Freq
 .text.HAL_RCC_GetPCLK2Freq
                0x000000000800166c       0x28 ./Drivers/STM32F1xx_HAL_Driver/Src/stm32f1xx_hal_rcc.o
                0x000000000800166c                HAL_RCC_GetPCLK2Freq
 .text.RCC_Delay
                0x0000000008001694       0x3c ./Drivers/STM32F1xx_HAL_Driver/Src/stm32f1xx_hal_rcc.o
 .text.HAL_UART_Init
                0x00000000080016d0       0xa0 ./Drivers/STM32F1xx_HAL_Driver/Src/stm32f1xx_hal_uart.o
                0x00000000080016d0                HAL_UART_Init
 .text.UART_SetConfig
                0x0000000008001770      0x11c ./Drivers/STM32F1xx_HAL_Driver/Src/stm32f1xx_hal_uart.o
 .text.__libc_init_array
                0x000000000800188c       0x48 c:/st/stm32cubeide_1.12.1/stm32cubeide/plugins/com.st.stm32cube.ide.mcu.externaltools.gnu-tools-for-stm32.10.3-2021.10.win32_1.0.200.202301161003/tools/bin/../lib/gcc/arm-none-eabi/10.3.1/../../../../arm-none-eabi/lib/thumb/v7-m/nofp\libc_nano.a(lib_a-init.o)
                0x000000000800188c                __libc_init_array
 .text.memcpy   0x00000000080018d4       0x1c c:/st/stm32cubeide_1.12.1/stm32cubeide/plugins/com.st.stm32cube.ide.mcu.externaltools.gnu-tools-for-stm32.10.3-2021.10.win32_1.0.200.202301161003/tools/bin/../lib/gcc/arm-none-eabi/10.3.1/../../../../arm-none-eabi/lib/thumb/v7-m/nofp\libc_nano.a(lib_a-memcpy-stub.o)
                0x00000000080018d4                memcpy
 .text.memset   0x00000000080018f0       0x10 c:/st/stm32cubeide_1.12.1/stm32cubeide/plugins/com.st.stm32cube.ide.mcu.externaltools.gnu-tools-for-stm32.10.3-2021.10.win32_1.0.200.202301161003/tools/bin/../lib/gcc/arm-none-eabi/10.3.1/../../../../arm-none-eabi/lib/thumb/v7-m/nofp\libc_nano.a(lib_a-memset.o)
                0x00000000080018f0                memset
 *(.glue_7)
 .glue_7        0x0000000008001900        0x0 linker stubs
 *(.glue_7t)
 .glue_7t       0x0000000008001900        0x0 linker stubs
 *(.eh_frame)
 .eh_frame      0x0000000008001900        0x0 c:/st/stm32cubeide_1.12.1/stm32cubeide/plugins/com.st.stm32cube.ide.mcu.externaltools.gnu-tools-for-stm32.10.3-2021.10.win32_1.0.200.202301161003/tools/bin/../lib/gcc/arm-none-eabi/10.3.1/thumb/v7-m/nofp/crtbegin.o
 *(.init)
 .init          0x0000000008001900        0x4 c:/st/stm32cubeide_1.12.1/stm32cubeide/plugins/com.st.stm32cube.ide.mcu.externaltools.gnu-tools-for-stm32.10.3-2021.10.win32_1.0.200.202301161003/tools/bin/../lib/gcc/arm-none-eabi/10.3.1/thumb/v7-m/nofp/crti.o
                0x0000000008001900                _init
 .init          0x0000000008001904        0x8 c:/st/stm32cubeide_1.12.1/stm32cubeide/plugins/com.st.stm32cube.ide.mcu.externaltools.gnu-tools-for-stm32.10.3-2021.10.win32_1.0.200.202301161003/tools/bin/../lib/gcc/arm-none-eabi/10.3.1/thumb/v7-m/nofp/crtn.o
 *(.fini)
 .fini          0x000000000800190c        0x4 c:/st/stm32cubeide_1.12.1/stm32cubeide/plugins/com.st.stm32cube.ide.mcu.externaltools.gnu-tools-for-stm32.10.3-2021.10.win32_1.0.200.202301161003/tools/bin/../lib/gcc/arm-none-eabi/10.3.1/thumb/v7-m/nofp/crti.o
                0x000000000800190c                _fini
 .fini          0x0000000008001910        0x8 c:/st/stm32cubeide_1.12.1/stm32cubeide/plugins/com.st.stm32cube.ide.mcu.externaltools.gnu-tools-for-stm32.10.3-2021.10.win32_1.0.200.202301161003/tools/bin/../lib/gcc/arm-none-eabi/10.3.1/thumb/v7-m/nofp/crtn.o
                0x0000000008001918                . = ALIGN (0x4)
                0x0000000008001918                _etext = .

.vfp11_veneer   0x0000000008001918        0x0
 .vfp11_veneer  0x0000000008001918        0x0 linker stubs

.v4_bx          0x0000000008001918        0x0
 .v4_bx         0x0000000008001918        0x0 linker stubs

.iplt           0x0000000008001918        0x0
 .iplt          0x0000000008001918        0x0 c:/st/stm32cubeide_1.12.1/stm32cubeide/plugins/com.st.stm32cube.ide.mcu.externaltools.gnu-tools-for-stm32.10.3-2021.10.win32_1.0.200.202301161003/tools/bin/../lib/gcc/arm-none-eabi/10.3.1/thumb/v7-m/nofp/crtbegin.o

.rodata         0x0000000008001918       0xac
                0x0000000008001918                . = ALIGN (0x4)
 *(.rodata)
 .rodata        0x0000000008001918       0x80 ./Core/Src/main.o
 *(.rodata*)
 .rodata.AHBPrescTable
                0x0000000008001998       0x10 ./Core/Src/system_stm32f1xx.o
                0x0000000008001998                AHBPrescTable
 .rodata.APBPrescTable
                0x00000000080019a8        0x8 ./Core/Src/system_stm32f1xx.o
                0x00000000080019a8                APBPrescTable
 .rodata.aPLLMULFactorTable.1
                0x00000000080019b0       0x10 ./Drivers/STM32F1xx_HAL_Driver/Src/stm32f1xx_hal_rcc.o
 .rodata.aPredivFactorTable.0
                0x00000000080019c0        0x2 ./Drivers/STM32F1xx_HAL_Driver/Src/stm32f1xx_hal_rcc.o
                0x00000000080019c4                . = ALIGN (0x4)
 *fill*         0x00000000080019c2        0x2 

.rel.dyn        0x00000000080019c4        0x0
 .rel.iplt      0x00000000080019c4        0x0 c:/st/stm32cubeide_1.12.1/stm32cubeide/plugins/com.st.stm32cube.ide.mcu.externaltools.gnu-tools-for-stm32.10.3-2021.10.win32_1.0.200.202301161003/tools/bin/../lib/gcc/arm-none-eabi/10.3.1/thumb/v7-m/nofp/crtbegin.o

.ARM.extab      0x00000000080019c4        0x0
                0x00000000080019c4                . = ALIGN (0x4)
 *(.ARM.extab* .gnu.linkonce.armextab.*)
                0x00000000080019c4                . = ALIGN (0x4)

.ARM            0x00000000080019c4        0x0
                0x00000000080019c4                . = ALIGN (0x4)
                0x00000000080019c4                __exidx_start = .
 *(.ARM.exidx*)
                0x00000000080019c4                __exidx_end = .
                0x00000000080019c4                . = ALIGN (0x4)

.preinit_array  0x00000000080019c4        0x0
                0x00000000080019c4                . = ALIGN (0x4)
                0x00000000080019c4                PROVIDE (__preinit_array_start = .)
 *(.preinit_array*)
                0x00000000080019c4                PROVIDE (__preinit_array_end = .)
                0x00000000080019c4                . = ALIGN (0x4)

.init_array     0x00000000080019c4        0x4
                0x00000000080019c4                . = ALIGN (0x4)
                0x00000000080019c4                PROVIDE (__init_array_start = .)
 *(SORT_BY_NAME(.init_array.*))
 *(.init_array*)
 .init_array    0x00000000080019c4        0x4 c:/st/stm32cubeide_1.12.1/stm32cubeide/plugins/com.st.stm32cube.ide.mcu.externaltools.gnu-tools-for-stm32.10.3-2021.10.win32_1.0.200.202301161003/tools/bin/../lib/gcc/arm-none-eabi/10.3.1/thumb/v7-m/nofp/crtbegin.o
                0x00000000080019c8                PROVIDE (__init_array_end = .)
                0x00000000080019c8                . = ALIGN (0x4)

.fini_array     0x00000000080019c8        0x4
                0x00000000080019c8                . = ALIGN (0x4)
                [!provide]                        PROVIDE (__fini_array_start = .)
 *(SORT_BY_NAME(.fini_array.*))
 *(.fini_array*)
 .fini_array    0x00000000080019c8        0x4 c:/st/stm32cubeide_1.12.1/stm32cubeide/plugins/com.st.stm32cube.ide.mcu.externaltools.gnu-tools-for-stm32.10.3-2021.10.win32_1.0.200.202301161003/tools/bin/../lib/gcc/arm-none-eabi/10.3.1/thumb/v7-m/nofp/crtbegin.o
                [!provide]                        PROVIDE (__fini_array_end = .)
                0x00000000080019cc                . = ALIGN (0x4)
                0x00000000080019cc                _sidata = LOADADDR (.data)

.data           0x0000000020000000        0xc load address 0x00000000080019cc
                0x0000000020000000                . = ALIGN (0x4)
                0x0000000020000000                _sdata = .
 *(.data)
 *(.data*)
 .data.SystemCoreClock
                0x0000000020000000        0x4 ./Core/Src/system_stm32f1xx.o
                0x0000000020000000                SystemCoreClock
 .data.uwTickPrio
                0x0000000020000004        0x4 ./Drivers/STM32F1xx_HAL_Driver/Src/stm32f1xx_hal.o
                0x0000000020000004                uwTickPrio
 .data.uwTickFreq
                0x0000000020000008        0x1 ./Drivers/STM32F1xx_HAL_Driver/Src/stm32f1xx_hal.o
                0x0000000020000008                uwTickFreq
 *(.RamFunc)
 *(.RamFunc*)
                0x000000002000000c                . = ALIGN (0x4)
 *fill*         0x0000000020000009        0x3 
                0x000000002000000c                _edata = .

.igot.plt       0x000000002000000c        0x0 load address 0x00000000080019d8
 .igot.plt      0x000000002000000c        0x0 c:/st/stm32cubeide_1.12.1/stm32cubeide/plugins/com.st.stm32cube.ide.mcu.externaltools.gnu-tools-for-stm32.10.3-2021.10.win32_1.0.200.202301161003/tools/bin/../lib/gcc/arm-none-eabi/10.3.1/thumb/v7-m/nofp/crtbegin.o
                0x000000002000000c                . = ALIGN (0x4)

.bss            0x000000002000000c       0x68 load address 0x00000000080019d8
                0x000000002000000c                _sbss = .
                0x000000002000000c                __bss_start__ = _sbss
 *(.bss)
 .bss           0x000000002000000c       0x1c c:/st/stm32cubeide_1.12.1/stm32cubeide/plugins/com.st.stm32cube.ide.mcu.externaltools.gnu-tools-for-stm32.10.3-2021.10.win32_1.0.200.202301161003/tools/bin/../lib/gcc/arm-none-eabi/10.3.1/thumb/v7-m/nofp/crtbegin.o
 *(.bss*)
 .bss.huart1    0x0000000020000028       0x48 ./Core/Src/main.o
                0x0000000020000028                huart1
 .bss.uwTick    0x0000000020000070        0x4 ./Drivers/STM32F1xx_HAL_Driver/Src/stm32f1xx_hal.o
                0x0000000020000070                uwTick
 *(COMMON)
                0x0000000020000074                . = ALIGN (0x4)
                0x0000000020000074                _ebss = .
                0x0000000020000074                __bss_end__ = _ebss

._user_heap_stack
                0x0000000020000074      0x604 load address 0x00000000080019d8
                0x0000000020000078                . = ALIGN (0x8)
 *fill*         0x0000000020000074        0x4 
                [!provide]                        PROVIDE (end = .)
                0x0000000020000078                PROVIDE (_end = .)
                0x0000000020000278                . = (. + _Min_Heap_Size)
 *fill*         0x0000000020000078      0x200 
                0x0000000020000678                . = (. + _Min_Stack_Size)
 *fill*         0x0000000020000278      0x400 
                0x0000000020000678                . = ALIGN (0x8)

/DISCARD/
 libc.a(*)
 libm.a(*)
 libgcc.a(*)

.ARM.attributes
                0x0000000000000000       0x29
 *(.ARM.attributes)
 .ARM.attributes
                0x0000000000000000       0x1d c:/st/stm32cubeide_1.12.1/stm32cubeide/plugins/com.st.stm32cube.ide.mcu.externaltools.gnu-tools-for-stm32.10.3-2021.10.win32_1.0.200.202301161003/tools/bin/../lib/gcc/arm-none-eabi/10.3.1/thumb/v7-m/nofp/crti.o
 .ARM.attributes
                0x000000000000001d       0x2d c:/st/stm32cubeide_1.12.1/stm32cubeide/plugins/com.st.stm32cube.ide.mcu.externaltools.gnu-tools-for-stm32.10.3-2021.10.win32_1.0.200.202301161003/tools/bin/../lib/gcc/arm-none-eabi/10.3.1/thumb/v7-m/nofp/crtbegin.o
 .ARM.attributes
                0x000000000000004a       0x2d ./Core/Src/main.o
 .ARM.attributes
                0x0000000000000077       0x2d ./Core/Src/oled.o
 .ARM.attributes
                0x00000000000000a4       0x2d ./Core/Src/stm32f1xx_hal_msp.o
 .ARM.attributes
                0x00000000000000d1       0x2d ./Core/Src/stm32f1xx_it.o
 .ARM.attributes
                0x00000000000000fe       0x2d ./Core/Src/system_stm32f1xx.o
 .ARM.attributes
                0x000000000000012b       0x21 ./Core/Startup/startup_stm32f103zetx.o
 .ARM.attributes
                0x000000000000014c       0x2d ./Drivers/STM32F1xx_HAL_Driver/Src/stm32f1xx_hal.o
 .ARM.attributes
                0x0000000000000179       0x2d ./Drivers/STM32F1xx_HAL_Driver/Src/stm32f1xx_hal_cortex.o
 .ARM.attributes
                0x00000000000001a6       0x2d ./Drivers/STM32F1xx_HAL_Driver/Src/stm32f1xx_hal_gpio.o
 .ARM.attributes
                0x00000000000001d3       0x2d ./Drivers/STM32F1xx_HAL_Driver/Src/stm32f1xx_hal_rcc.o
 .ARM.attributes
                0x0000000000000200       0x2d ./Drivers/STM32F1xx_HAL_Driver/Src/stm32f1xx_hal_uart.o
 .ARM.attributes
                0x000000000000022d       0x2d c:/st/stm32cubeide_1.12.1/stm32cubeide/plugins/com.st.stm32cube.ide.mcu.externaltools.gnu-tools-for-stm32.10.3-2021.10.win32_1.0.200.202301161003/tools/bin/../lib/gcc/arm-none-eabi/10.3.1/../../../../arm-none-eabi/lib/thumb/v7-m/nofp\libc_nano.a(lib_a-init.o)
 .ARM.attributes
                0x000000000000025a       0x2d c:/st/stm32cubeide_1.12.1/stm32cubeide/plugins/com.st.stm32cube.ide.mcu.externaltools.gnu-tools-for-stm32.10.3-2021.10.win32_1.0.200.202301161003/tools/bin/../lib/gcc/arm-none-eabi/10.3.1/../../../../arm-none-eabi/lib/thumb/v7-m/nofp\libc_nano.a(lib_a-memcpy-stub.o)
 .ARM.attributes
                0x0000000000000287       0x2d c:/st/stm32cubeide_1.12.1/stm32cubeide/plugins/com.st.stm32cube.ide.mcu.externaltools.gnu-tools-for-stm32.10.3-2021.10.win32_1.0.200.202301161003/tools/bin/../lib/gcc/arm-none-eabi/10.3.1/../../../../arm-none-eabi/lib/thumb/v7-m/nofp\libc_nano.a(lib_a-memset.o)
 .ARM.attributes
                0x00000000000002b4       0x1d c:/st/stm32cubeide_1.12.1/stm32cubeide/plugins/com.st.stm32cube.ide.mcu.externaltools.gnu-tools-for-stm32.10.3-2021.10.win32_1.0.200.202301161003/tools/bin/../lib/gcc/arm-none-eabi/10.3.1/thumb/v7-m/nofp/crtn.o
OUTPUT(OLED.elf elf32-littlearm)
LOAD linker stubs
LOAD c:/st/stm32cubeide_1.12.1/stm32cubeide/plugins/com.st.stm32cube.ide.mcu.externaltools.gnu-tools-for-stm32.10.3-2021.10.win32_1.0.200.202301161003/tools/bin/../lib/gcc/arm-none-eabi/10.3.1/../../../../arm-none-eabi/lib/thumb/v7-m/nofp\libc.a
LOAD c:/st/stm32cubeide_1.12.1/stm32cubeide/plugins/com.st.stm32cube.ide.mcu.externaltools.gnu-tools-for-stm32.10.3-2021.10.win32_1.0.200.202301161003/tools/bin/../lib/gcc/arm-none-eabi/10.3.1/../../../../arm-none-eabi/lib/thumb/v7-m/nofp\libm.a
LOAD c:/st/stm32cubeide_1.12.1/stm32cubeide/plugins/com.st.stm32cube.ide.mcu.externaltools.gnu-tools-for-stm32.10.3-2021.10.win32_1.0.200.202301161003/tools/bin/../lib/gcc/arm-none-eabi/10.3.1/thumb/v7-m/nofp\libgcc.a

.debug_info     0x0000000000000000     0x6c21
 .debug_info    0x0000000000000000      0xae5 ./Core/Src/main.o
 .debug_info    0x0000000000000ae5      0x294 ./Core/Src/oled.o
 .debug_info    0x0000000000000d79      0x7db ./Core/Src/stm32f1xx_hal_msp.o
 .debug_info    0x0000000000001554      0x122 ./Core/Src/stm32f1xx_it.o
 .debug_info    0x0000000000001676      0x23d ./Core/Src/system_stm32f1xx.o
 .debug_info    0x00000000000018b3       0x22 ./Core/Startup/startup_stm32f103zetx.o
 .debug_info    0x00000000000018d5      0x79a ./Drivers/STM32F1xx_HAL_Driver/Src/stm32f1xx_hal.o
 .debug_info    0x000000000000206f      0xb86 ./Drivers/STM32F1xx_HAL_Driver/Src/stm32f1xx_hal_cortex.o
 .debug_info    0x0000000000002bf5      0x615 ./Drivers/STM32F1xx_HAL_Driver/Src/stm32f1xx_hal_gpio.o
 .debug_info    0x000000000000320a      0x865 ./Drivers/STM32F1xx_HAL_Driver/Src/stm32f1xx_hal_rcc.o
 .debug_info    0x0000000000003a6f     0x31b2 ./Drivers/STM32F1xx_HAL_Driver/Src/stm32f1xx_hal_uart.o

.debug_abbrev   0x0000000000000000     0x133a
 .debug_abbrev  0x0000000000000000      0x27b ./Core/Src/main.o
 .debug_abbrev  0x000000000000027b      0x14b ./Core/Src/oled.o
 .debug_abbrev  0x00000000000003c6      0x189 ./Core/Src/stm32f1xx_hal_msp.o
 .debug_abbrev  0x000000000000054f       0x74 ./Core/Src/stm32f1xx_it.o
 .debug_abbrev  0x00000000000005c3      0x13b ./Core/Src/system_stm32f1xx.o
 .debug_abbrev  0x00000000000006fe       0x12 ./Core/Startup/startup_stm32f103zetx.o
 .debug_abbrev  0x0000000000000710      0x1fb ./Drivers/STM32F1xx_HAL_Driver/Src/stm32f1xx_hal.o
 .debug_abbrev  0x000000000000090b      0x2ed ./Drivers/STM32F1xx_HAL_Driver/Src/stm32f1xx_hal_cortex.o
 .debug_abbrev  0x0000000000000bf8      0x1bb ./Drivers/STM32F1xx_HAL_Driver/Src/stm32f1xx_hal_gpio.o
 .debug_abbrev  0x0000000000000db3      0x2a8 ./Drivers/STM32F1xx_HAL_Driver/Src/stm32f1xx_hal_rcc.o
 .debug_abbrev  0x000000000000105b      0x2df ./Drivers/STM32F1xx_HAL_Driver/Src/stm32f1xx_hal_uart.o

.debug_aranges  0x0000000000000000      0x640
 .debug_aranges
                0x0000000000000000       0x40 ./Core/Src/main.o
 .debug_aranges
                0x0000000000000040       0x50 ./Core/Src/oled.o
 .debug_aranges
                0x0000000000000090       0x30 ./Core/Src/stm32f1xx_hal_msp.o
 .debug_aranges
                0x00000000000000c0       0x60 ./Core/Src/stm32f1xx_it.o
 .debug_aranges
                0x0000000000000120       0x28 ./Core/Src/system_stm32f1xx.o
 .debug_aranges
                0x0000000000000148       0x28 ./Core/Startup/startup_stm32f103zetx.o
 .debug_aranges
                0x0000000000000170       0xe0 ./Drivers/STM32F1xx_HAL_Driver/Src/stm32f1xx_hal.o
 .debug_aranges
                0x0000000000000250      0x100 ./Drivers/STM32F1xx_HAL_Driver/Src/stm32f1xx_hal_cortex.o
 .debug_aranges
                0x0000000000000350       0x58 ./Drivers/STM32F1xx_HAL_Driver/Src/stm32f1xx_hal_gpio.o
 .debug_aranges
                0x00000000000003a8       0x90 ./Drivers/STM32F1xx_HAL_Driver/Src/stm32f1xx_hal_rcc.o
 .debug_aranges
                0x0000000000000438      0x208 ./Drivers/STM32F1xx_HAL_Driver/Src/stm32f1xx_hal_uart.o

.debug_ranges   0x0000000000000000      0x5c8
 .debug_ranges  0x0000000000000000       0x30 ./Core/Src/main.o
 .debug_ranges  0x0000000000000030       0x40 ./Core/Src/oled.o
 .debug_ranges  0x0000000000000070       0x20 ./Core/Src/stm32f1xx_hal_msp.o
 .debug_ranges  0x0000000000000090       0x50 ./Core/Src/stm32f1xx_it.o
 .debug_ranges  0x00000000000000e0       0x18 ./Core/Src/system_stm32f1xx.o
 .debug_ranges  0x00000000000000f8       0x20 ./Core/Startup/startup_stm32f103zetx.o
 .debug_ranges  0x0000000000000118       0xd0 ./Drivers/STM32F1xx_HAL_Driver/Src/stm32f1xx_hal.o
 .debug_ranges  0x00000000000001e8       0xf0 ./Drivers/STM32F1xx_HAL_Driver/Src/stm32f1xx_hal_cortex.o
 .debug_ranges  0x00000000000002d8       0x48 ./Drivers/STM32F1xx_HAL_Driver/Src/stm32f1xx_hal_gpio.o
 .debug_ranges  0x0000000000000320       0x80 ./Drivers/STM32F1xx_HAL_Driver/Src/stm32f1xx_hal_rcc.o
 .debug_ranges  0x00000000000003a0      0x228 ./Drivers/STM32F1xx_HAL_Driver/Src/stm32f1xx_hal_uart.o

.debug_macro    0x0000000000000000    0x17f15
 .debug_macro   0x0000000000000000      0x19d ./Core/Src/main.o
 .debug_macro   0x000000000000019d      0xa6c ./Core/Src/main.o
 .debug_macro   0x0000000000000c09      0x215 ./Core/Src/main.o
 .debug_macro   0x0000000000000e1e       0x2e ./Core/Src/main.o
 .debug_macro   0x0000000000000e4c       0x22 ./Core/Src/main.o
 .debug_macro   0x0000000000000e6e       0x22 ./Core/Src/main.o
 .debug_macro   0x0000000000000e90       0x8e ./Core/Src/main.o
 .debug_macro   0x0000000000000f1e       0x51 ./Core/Src/main.o
 .debug_macro   0x0000000000000f6f      0x103 ./Core/Src/main.o
 .debug_macro   0x0000000000001072       0x6a ./Core/Src/main.o
 .debug_macro   0x00000000000010dc      0x1df ./Core/Src/main.o
 .debug_macro   0x00000000000012bb       0x1c ./Core/Src/main.o
 .debug_macro   0x00000000000012d7       0x22 ./Core/Src/main.o
 .debug_macro   0x00000000000012f9       0xbd ./Core/Src/main.o
 .debug_macro   0x00000000000013b6      0xd23 ./Core/Src/main.o
 .debug_macro   0x00000000000020d9     0xfd8c ./Core/Src/main.o
 .debug_macro   0x0000000000011e65       0x6d ./Core/Src/main.o
 .debug_macro   0x0000000000011ed2     0x348d ./Core/Src/main.o
 .debug_macro   0x000000000001535f      0x174 ./Core/Src/main.o
 .debug_macro   0x00000000000154d3       0x5c ./Core/Src/main.o
 .debug_macro   0x000000000001552f      0x5bc ./Core/Src/main.o
 .debug_macro   0x0000000000015aeb      0x4d5 ./Core/Src/main.o
 .debug_macro   0x0000000000015fc0      0x1cb ./Core/Src/main.o
 .debug_macro   0x000000000001618b      0x114 ./Core/Src/main.o
 .debug_macro   0x000000000001629f      0x1ea ./Core/Src/main.o
 .debug_macro   0x0000000000016489       0x27 ./Core/Src/main.o
 .debug_macro   0x00000000000164b0      0x144 ./Core/Src/main.o
 .debug_macro   0x00000000000165f4      0x1bc ./Core/Src/main.o
 .debug_macro   0x00000000000167b0       0x30 ./Core/Src/main.o
 .debug_macro   0x00000000000167e0       0x3c ./Core/Src/main.o
 .debug_macro   0x000000000001681c       0x57 ./Core/Src/main.o
 .debug_macro   0x0000000000016873       0x87 ./Core/Src/main.o
 .debug_macro   0x00000000000168fa      0x24f ./Core/Src/main.o
 .debug_macro   0x0000000000016b49      0x140 ./Core/Src/main.o
 .debug_macro   0x0000000000016c89      0x28e ./Core/Src/main.o
 .debug_macro   0x0000000000016f17       0xb5 ./Core/Src/main.o
 .debug_macro   0x0000000000016fcc       0x34 ./Core/Src/main.o
 .debug_macro   0x0000000000017000      0x1a1 ./Core/Src/oled.o
 .debug_macro   0x00000000000171a1       0x3a ./Core/Src/oled.o
 .debug_macro   0x00000000000171db      0x19d ./Core/Src/stm32f1xx_hal_msp.o
 .debug_macro   0x0000000000017378      0x1a7 ./Core/Src/stm32f1xx_it.o
 .debug_macro   0x000000000001751f      0x18e ./Core/Src/system_stm32f1xx.o
 .debug_macro   0x00000000000176ad      0x1b2 ./Drivers/STM32F1xx_HAL_Driver/Src/stm32f1xx_hal.o
 .debug_macro   0x000000000001785f      0x18e ./Drivers/STM32F1xx_HAL_Driver/Src/stm32f1xx_hal_cortex.o
 .debug_macro   0x00000000000179ed      0x1f9 ./Drivers/STM32F1xx_HAL_Driver/Src/stm32f1xx_hal_gpio.o
 .debug_macro   0x0000000000017be6      0x1a0 ./Drivers/STM32F1xx_HAL_Driver/Src/stm32f1xx_hal_rcc.o
 .debug_macro   0x0000000000017d86      0x18f ./Drivers/STM32F1xx_HAL_Driver/Src/stm32f1xx_hal_uart.o

.debug_line     0x0000000000000000     0x770a
 .debug_line    0x0000000000000000      0x7ba ./Core/Src/main.o
 .debug_line    0x00000000000007ba      0x7b2 ./Core/Src/oled.o
 .debug_line    0x0000000000000f6c      0x69b ./Core/Src/stm32f1xx_hal_msp.o
 .debug_line    0x0000000000001607      0x70b ./Core/Src/stm32f1xx_it.o
 .debug_line    0x0000000000001d12      0x6c7 ./Core/Src/system_stm32f1xx.o
 .debug_line    0x00000000000023d9       0x87 ./Core/Startup/startup_stm32f103zetx.o
 .debug_line    0x0000000000002460      0x8f4 ./Drivers/STM32F1xx_HAL_Driver/Src/stm32f1xx_hal.o
 .debug_line    0x0000000000002d54      0xadc ./Drivers/STM32F1xx_HAL_Driver/Src/stm32f1xx_hal_cortex.o
 .debug_line    0x0000000000003830      0x9b5 ./Drivers/STM32F1xx_HAL_Driver/Src/stm32f1xx_hal_gpio.o
 .debug_line    0x00000000000041e5      0xd00 ./Drivers/STM32F1xx_HAL_Driver/Src/stm32f1xx_hal_rcc.o
 .debug_line    0x0000000000004ee5     0x2825 ./Drivers/STM32F1xx_HAL_Driver/Src/stm32f1xx_hal_uart.o

.debug_str      0x0000000000000000    0x8c51b
 .debug_str     0x0000000000000000    0x8addd ./Core/Src/main.o
                                      0x8b222 (size before relaxing)
 .debug_str     0x000000000008addd       0x5b ./Core/Src/oled.o
                                      0x8ac08 (size before relaxing)
 .debug_str     0x000000000008ae38       0x66 ./Core/Src/stm32f1xx_hal_msp.o
                                      0x8b004 (size before relaxing)
 .debug_str     0x000000000008ae9e       0xc9 ./Core/Src/stm32f1xx_it.o
                                      0x8abc2 (size before relaxing)
 .debug_str     0x000000000008af67       0x7e ./Core/Src/system_stm32f1xx.o
                                      0x8ab13 (size before relaxing)
 .debug_str     0x000000000008afe5       0x36 ./Core/Startup/startup_stm32f103zetx.o
                                         0x55 (size before relaxing)
 .debug_str     0x000000000008b01b      0x69f ./Drivers/STM32F1xx_HAL_Driver/Src/stm32f1xx_hal.o
                                      0x8b32a (size before relaxing)
 .debug_str     0x000000000008b6ba      0x2c5 ./Drivers/STM32F1xx_HAL_Driver/Src/stm32f1xx_hal_cortex.o
                                      0x8b276 (size before relaxing)
 .debug_str     0x000000000008b97f      0x30a ./Drivers/STM32F1xx_HAL_Driver/Src/stm32f1xx_hal_gpio.o
                                      0x8ae99 (size before relaxing)
 .debug_str     0x000000000008bc89      0x229 ./Drivers/STM32F1xx_HAL_Driver/Src/stm32f1xx_hal_rcc.o
                                      0x8af42 (size before relaxing)
 .debug_str     0x000000000008beb2      0x669 ./Drivers/STM32F1xx_HAL_Driver/Src/stm32f1xx_hal_uart.o
                                      0x8b5b3 (size before relaxing)

.comment        0x0000000000000000       0x50
 .comment       0x0000000000000000       0x50 ./Core/Src/main.o
                                         0x51 (size before relaxing)
 .comment       0x0000000000000050       0x51 ./Core/Src/oled.o
 .comment       0x0000000000000050       0x51 ./Core/Src/stm32f1xx_hal_msp.o
 .comment       0x0000000000000050       0x51 ./Core/Src/stm32f1xx_it.o
 .comment       0x0000000000000050       0x51 ./Core/Src/system_stm32f1xx.o
 .comment       0x0000000000000050       0x51 ./Drivers/STM32F1xx_HAL_Driver/Src/stm32f1xx_hal.o
 .comment       0x0000000000000050       0x51 ./Drivers/STM32F1xx_HAL_Driver/Src/stm32f1xx_hal_cortex.o
 .comment       0x0000000000000050       0x51 ./Drivers/STM32F1xx_HAL_Driver/Src/stm32f1xx_hal_gpio.o
 .comment       0x0000000000000050       0x51 ./Drivers/STM32F1xx_HAL_Driver/Src/stm32f1xx_hal_rcc.o
 .comment       0x0000000000000050       0x51 ./Drivers/STM32F1xx_HAL_Driver/Src/stm32f1xx_hal_uart.o

.debug_frame    0x0000000000000000     0x17f4
 .debug_frame   0x0000000000000000       0xac ./Core/Src/main.o
 .debug_frame   0x00000000000000ac       0xf4 ./Core/Src/oled.o
 .debug_frame   0x00000000000001a0       0x80 ./Core/Src/stm32f1xx_hal_msp.o
 .debug_frame   0x0000000000000220      0x104 ./Core/Src/stm32f1xx_it.o
 .debug_frame   0x0000000000000324       0x58 ./Core/Src/system_stm32f1xx.o
 .debug_frame   0x000000000000037c      0x334 ./Drivers/STM32F1xx_HAL_Driver/Src/stm32f1xx_hal.o
 .debug_frame   0x00000000000006b0      0x428 ./Drivers/STM32F1xx_HAL_Driver/Src/stm32f1xx_hal_cortex.o
 .debug_frame   0x0000000000000ad8      0x14c ./Drivers/STM32F1xx_HAL_Driver/Src/stm32f1xx_hal_gpio.o
 .debug_frame   0x0000000000000c24      0x218 ./Drivers/STM32F1xx_HAL_Driver/Src/stm32f1xx_hal_rcc.o
 .debug_frame   0x0000000000000e3c      0x944 ./Drivers/STM32F1xx_HAL_Driver/Src/stm32f1xx_hal_uart.o
 .debug_frame   0x0000000000001780       0x2c c:/st/stm32cubeide_1.12.1/stm32cubeide/plugins/com.st.stm32cube.ide.mcu.externaltools.gnu-tools-for-stm32.10.3-2021.10.win32_1.0.200.202301161003/tools/bin/../lib/gcc/arm-none-eabi/10.3.1/../../../../arm-none-eabi/lib/thumb/v7-m/nofp\libc_nano.a(lib_a-init.o)
 .debug_frame   0x00000000000017ac       0x28 c:/st/stm32cubeide_1.12.1/stm32cubeide/plugins/com.st.stm32cube.ide.mcu.externaltools.gnu-tools-for-stm32.10.3-2021.10.win32_1.0.200.202301161003/tools/bin/../lib/gcc/arm-none-eabi/10.3.1/../../../../arm-none-eabi/lib/thumb/v7-m/nofp\libc_nano.a(lib_a-memcpy-stub.o)
 .debug_frame   0x00000000000017d4       0x20 c:/st/stm32cubeide_1.12.1/stm32cubeide/plugins/com.st.stm32cube.ide.mcu.externaltools.gnu-tools-for-stm32.10.3-2021.10.win32_1.0.200.202301161003/tools/bin/../lib/gcc/arm-none-eabi/10.3.1/../../../../arm-none-eabi/lib/thumb/v7-m/nofp\libc_nano.a(lib_a-memset.o)
